Archive member included to satisfy reference by file (symbol)

c:/st/stm32cubeide_1.4.0/stm32cubeide/plugins/com.st.stm32cube.ide.mcu.externaltools.gnu-tools-for-stm32.10.3-2021.10.win32_1.0.0.202111181127/tools/bin/../lib/gcc/arm-none-eabi/10.3.1/../../../../arm-none-eabi/lib/thumb/v7-m/nofp\libc_nano.a(lib_a-errno.o)
                              ./Src/syscalls.o (__errno)
c:/st/stm32cubeide_1.4.0/stm32cubeide/plugins/com.st.stm32cube.ide.mcu.externaltools.gnu-tools-for-stm32.10.3-2021.10.win32_1.0.0.202111181127/tools/bin/../lib/gcc/arm-none-eabi/10.3.1/../../../../arm-none-eabi/lib/thumb/v7-m/nofp\libc_nano.a(lib_a-exit.o)
                              c:/st/stm32cubeide_1.4.0/stm32cubeide/plugins/com.st.stm32cube.ide.mcu.externaltools.gnu-tools-for-stm32.10.3-2021.10.win32_1.0.0.202111181127/tools/bin/../lib/gcc/arm-none-eabi/10.3.1/../../../../arm-none-eabi/lib/thumb/v7-m/nofp/crt0.o (exit)
c:/st/stm32cubeide_1.4.0/stm32cubeide/plugins/com.st.stm32cube.ide.mcu.externaltools.gnu-tools-for-stm32.10.3-2021.10.win32_1.0.0.202111181127/tools/bin/../lib/gcc/arm-none-eabi/10.3.1/../../../../arm-none-eabi/lib/thumb/v7-m/nofp\libc_nano.a(lib_a-impure.o)
                              c:/st/stm32cubeide_1.4.0/stm32cubeide/plugins/com.st.stm32cube.ide.mcu.externaltools.gnu-tools-for-stm32.10.3-2021.10.win32_1.0.0.202111181127/tools/bin/../lib/gcc/arm-none-eabi/10.3.1/../../../../arm-none-eabi/lib/thumb/v7-m/nofp\libc_nano.a(lib_a-exit.o) (_global_impure_ptr)
c:/st/stm32cubeide_1.4.0/stm32cubeide/plugins/com.st.stm32cube.ide.mcu.externaltools.gnu-tools-for-stm32.10.3-2021.10.win32_1.0.0.202111181127/tools/bin/../lib/gcc/arm-none-eabi/10.3.1/../../../../arm-none-eabi/lib/thumb/v7-m/nofp\libc_nano.a(lib_a-init.o)
                              c:/st/stm32cubeide_1.4.0/stm32cubeide/plugins/com.st.stm32cube.ide.mcu.externaltools.gnu-tools-for-stm32.10.3-2021.10.win32_1.0.0.202111181127/tools/bin/../lib/gcc/arm-none-eabi/10.3.1/../../../../arm-none-eabi/lib/thumb/v7-m/nofp/crt0.o (__libc_init_array)
c:/st/stm32cubeide_1.4.0/stm32cubeide/plugins/com.st.stm32cube.ide.mcu.externaltools.gnu-tools-for-stm32.10.3-2021.10.win32_1.0.0.202111181127/tools/bin/../lib/gcc/arm-none-eabi/10.3.1/../../../../arm-none-eabi/lib/thumb/v7-m/nofp\libc_nano.a(lib_a-memset.o)
                              c:/st/stm32cubeide_1.4.0/stm32cubeide/plugins/com.st.stm32cube.ide.mcu.externaltools.gnu-tools-for-stm32.10.3-2021.10.win32_1.0.0.202111181127/tools/bin/../lib/gcc/arm-none-eabi/10.3.1/../../../../arm-none-eabi/lib/thumb/v7-m/nofp/crt0.o (memset)
c:/st/stm32cubeide_1.4.0/stm32cubeide/plugins/com.st.stm32cube.ide.mcu.externaltools.gnu-tools-for-stm32.10.3-2021.10.win32_1.0.0.202111181127/tools/bin/../lib/gcc/arm-none-eabi/10.3.1/../../../../arm-none-eabi/lib/thumb/v7-m/nofp\libc_nano.a(lib_a-sprintf.o)
                              ./HAL/LCD/lcd.o (sprintf)
c:/st/stm32cubeide_1.4.0/stm32cubeide/plugins/com.st.stm32cube.ide.mcu.externaltools.gnu-tools-for-stm32.10.3-2021.10.win32_1.0.0.202111181127/tools/bin/../lib/gcc/arm-none-eabi/10.3.1/../../../../arm-none-eabi/lib/thumb/v7-m/nofp\libc_nano.a(lib_a-nano-svfprintf.o)
                              c:/st/stm32cubeide_1.4.0/stm32cubeide/plugins/com.st.stm32cube.ide.mcu.externaltools.gnu-tools-for-stm32.10.3-2021.10.win32_1.0.0.202111181127/tools/bin/../lib/gcc/arm-none-eabi/10.3.1/../../../../arm-none-eabi/lib/thumb/v7-m/nofp\libc_nano.a(lib_a-sprintf.o) (_svfprintf_r)
c:/st/stm32cubeide_1.4.0/stm32cubeide/plugins/com.st.stm32cube.ide.mcu.externaltools.gnu-tools-for-stm32.10.3-2021.10.win32_1.0.0.202111181127/tools/bin/../lib/gcc/arm-none-eabi/10.3.1/../../../../arm-none-eabi/lib/thumb/v7-m/nofp\libc_nano.a(lib_a-nano-vfprintf_i.o)
                              c:/st/stm32cubeide_1.4.0/stm32cubeide/plugins/com.st.stm32cube.ide.mcu.externaltools.gnu-tools-for-stm32.10.3-2021.10.win32_1.0.0.202111181127/tools/bin/../lib/gcc/arm-none-eabi/10.3.1/../../../../arm-none-eabi/lib/thumb/v7-m/nofp\libc_nano.a(lib_a-nano-svfprintf.o) (_printf_i)
c:/st/stm32cubeide_1.4.0/stm32cubeide/plugins/com.st.stm32cube.ide.mcu.externaltools.gnu-tools-for-stm32.10.3-2021.10.win32_1.0.0.202111181127/tools/bin/../lib/gcc/arm-none-eabi/10.3.1/../../../../arm-none-eabi/lib/thumb/v7-m/nofp\libc_nano.a(lib_a-memchr-stub.o)
                              c:/st/stm32cubeide_1.4.0/stm32cubeide/plugins/com.st.stm32cube.ide.mcu.externaltools.gnu-tools-for-stm32.10.3-2021.10.win32_1.0.0.202111181127/tools/bin/../lib/gcc/arm-none-eabi/10.3.1/../../../../arm-none-eabi/lib/thumb/v7-m/nofp\libc_nano.a(lib_a-nano-svfprintf.o) (memchr)
c:/st/stm32cubeide_1.4.0/stm32cubeide/plugins/com.st.stm32cube.ide.mcu.externaltools.gnu-tools-for-stm32.10.3-2021.10.win32_1.0.0.202111181127/tools/bin/../lib/gcc/arm-none-eabi/10.3.1/../../../../arm-none-eabi/lib/thumb/v7-m/nofp\libc_nano.a(lib_a-memcpy-stub.o)
[...]
Memory Configuration

Name             Origin             Length             Attributes
RAM              0x0000000020000000 0x0000000000002800 xrw
FLASH            0x0000000008000000 0x0000000000008000 xr
*default*        0x0000000000000000 0xffffffffffffffff

Linker script and memory map

LOAD c:/st/stm32cubeide_1.4.0/stm32cubeide/plugins/com.st.stm32cube.ide.mcu.externaltools.gnu-tools-for-stm32.10.3-2021.10.win32_1.0.0.202111181127/tools/bin/../lib/gcc/arm-none-eabi/10.3.1/thumb/v7-m/nofp/crti.o
LOAD c:/st/stm32cubeide_1.4.0/stm32cubeide/plugins/com.st.stm32cube.ide.mcu.externaltools.gnu-tools-for-stm32.10.3-2021.10.win32_1.0.0.202111181127/tools/bin/../lib/gcc/arm-none-eabi/10.3.1/thumb/v7-m/nofp/crtbegin.o
LOAD c:/st/stm32cubeide_1.4.0/stm32cubeide/plugins/com.st.stm32cube.ide.mcu.externaltools.gnu-tools-for-stm32.10.3-2021.10.win32_1.0.0.202111181127/tools/bin/../lib/gcc/arm-none-eabi/10.3.1/../../../../arm-none-eabi/lib/thumb/v7-m/nofp/crt0.o
LOAD ./AUTOSAR_Implementation/MCAL/DIO.o
LOAD ./AUTOSAR_Implementation/RTE_GeneratedFiles/Rte_SWC_DoorLock_Indication.o
LOAD ./AUTOSAR_Implementation/RTE_GeneratedFiles/Rte_SWC_DoorSensor_LedActuator_Abs.o
LOAD ./AUTOSAR_Implementation/SWCs/SWC_DoorLock_Indication.o
LOAD ./AUTOSAR_Implementation/SWCs/SWC_DoorSensor_LedActuator_Abs.o
LOAD ./HAL/EEPROM/I2C_Slave_EEPROM.o
LOAD ./HAL/KeyPad/keypad.o
LOAD ./HAL/LCD/lcd.o
LOAD ./HAL/SevenSegment/sevensegment.o
LOAD ./MCAL/Src/Stm32f103c6_EXTI_Driver.o
LOAD ./MCAL/Src/Stm32f103c6_GPIO_Driver.o
LOAD ./MCAL/Src/Stm32f103c6_I2C_Driver.o
LOAD ./MCAL/Src/Stm32f103c6_RCC_Driver.o
LOAD ./MCAL/Src/Stm32f103c6_SPI_Driver.o
LOAD ./MCAL/Src/Stm32f103c6_USART_Driver.o
LOAD ./Src/main.o
LOAD ./Src/syscalls.o
LOAD ./Src/sysmem.o
LOAD ./Startup/startup_stm32f103c6tx.o
START GROUP
LOAD c:/st/stm32cubeide_1.4.0/stm32cubeide/plugins/com.st.stm32cube.ide.mcu.externaltools.gnu-tools-for-stm32.10.3-2021.10.win32_1.0.0.202111181127/tools/bin/../lib/gcc/arm-none-eabi/10.3.1/../../../../arm-none-eabi/lib/thumb/v7-m/nofp\libc_nano.a
LOAD c:/st/stm32cubeide_1.4.0/stm32cubeide/plugins/com.st.stm32cube.ide.mcu.externaltools.gnu-tools-for-stm32.10.3-2021.10.win32_1.0.0.202111181127/tools/bin/../lib/gcc/arm-none-eabi/10.3.1/../../../../arm-none-eabi/lib/thumb/v7-m/nofp\libm.a
END GROUP
START GROUP
LOAD c:/st/stm32cubeide_1.4.0/stm32cubeide/plugins/com.st.stm32cube.ide.mcu.externaltools.gnu-tools-for-stm32.10.3-2021.10.win32_1.0.0.202111181127/tools/bin/../lib/gcc/arm-none-eabi/10.3.1/thumb/v7-m/nofp\libgcc.a
LOAD c:/st/stm32cubeide_1.4.0/stm32cubeide/plugins/com.st.stm32cube.ide.mcu.externaltools.gnu-tools-for-stm32.10.3-2021.10.win32_1.0.0.202111181127/tools/bin/../lib/gcc/arm-none-eabi/10.3.1/../../../../arm-none-eabi/lib/thumb/v7-m/nofp\libg_nano.a
LOAD c:/st/stm32cubeide_1.4.0/stm32cubeide/plugins/com.st.stm32cube.ide.mcu.externaltools.gnu-tools-for-stm32.10.3-2021.10.win32_1.0.0.202111181127/tools/bin/../lib/gcc/arm-none-eabi/10.3.1/../../../../arm-none-eabi/lib/thumb/v7-m/nofp\libc_nano.a
END GROUP
START GROUP
LOAD c:/st/stm32cubeide_1.4.0/stm32cubeide/plugins/com.st.stm32cube.ide.mcu.externaltools.gnu-tools-for-stm32.10.3-2021.10.win32_1.0.0.202111181127/tools/bin/../lib/gcc/arm-none-eabi/10.3.1/thumb/v7-m/nofp\libgcc.a
LOAD c:/st/stm32cubeide_1.4.0/stm32cubeide/plugins/com.st.stm32cube.ide.mcu.externaltools.gnu-tools-for-stm32.10.3-2021.10.win32_1.0.0.202111181127/tools/bin/../lib/gcc/arm-none-eabi/10.3.1/../../../../arm-none-eabi/lib/thumb/v7-m/nofp\libc_nano.a
LOAD c:/st/stm32cubeide_1.4.0/stm32cubeide/plugins/com.st.stm32cube.ide.mcu.externaltools.gnu-tools-for-stm32.10.3-2021.10.win32_1.0.0.202111181127/tools/bin/../lib/gcc/arm-none-eabi/10.3.1/../../../../arm-none-eabi/lib/thumb/v7-m/nofp\libnosys.a
END GROUP
START GROUP
LOAD c:/st/stm32cubeide_1.4.0/stm32cubeide/plugins/com.st.stm32cube.ide.mcu.externaltools.gnu-tools-for-stm32.10.3-2021.10.win32_1.0.0.202111181127/tools/bin/../lib/gcc/arm-none-eabi/10.3.1/thumb/v7-m/nofp\libgcc.a
LOAD c:/st/stm32cubeide_1.4.0/stm32cubeide/plugins/com.st.stm32cube.ide.mcu.externaltools.gnu-tools-for-stm32.10.3-2021.10.win32_1.0.0.202111181127/tools/bin/../lib/gcc/arm-none-eabi/10.3.1/../../../../arm-none-eabi/lib/thumb/v7-m/nofp\libc_nano.a
LOAD c:/st/stm32cubeide_1.4.0/stm32cubeide/plugins/com.st.stm32cube.ide.mcu.externaltools.gnu-tools-for-stm32.10.3-2021.10.win32_1.0.0.202111181127/tools/bin/../lib/gcc/arm-none-eabi/10.3.1/../../../../arm-none-eabi/lib/thumb/v7-m/nofp\libnosys.a
END GROUP
LOAD c:/st/stm32cubeide_1.4.0/stm32cubeide/plugins/com.st.stm32cube.ide.mcu.externaltools.gnu-tools-for-stm32.10.3-2021.10.win32_1.0.0.202111181127/tools/bin/../lib/gcc/arm-none-eabi/10.3.1/thumb/v7-m/nofp/crtend.o
LOAD c:/st/stm32cubeide_1.4.0/stm32cubeide/plugins/com.st.stm32cube.ide.mcu.externaltools.gnu-tools-for-stm32.10.3-2021.10.win32_1.0.0.202111181127/tools/bin/../lib/gcc/arm-none-eabi/10.3.1/thumb/v7-m/nofp/crtn.o
                0x0000000020002800                _estack = (ORIGIN (RAM) + LENGTH (RAM))
                0x0000000000000200                _Min_Heap_Size = 0x200
                0x0000000000000400                _Min_Stack_Size = 0x400

.isr_vector     0x0000000008000000      0x130
                0x0000000008000000                . = ALIGN (0x4)
 *(.isr_vector)
 .isr_vector    0x0000000008000000      0x130 ./Startup/startup_stm32f103c6tx.o
                0x0000000008000000                g_pfnVectors
                0x0000000008000130                . = ALIGN (0x4)

.text           0x0000000008000130      0xc1c
                0x0000000008000130                . = ALIGN (0x4)
 *(.text)
 .text          0x0000000008000130       0x40 c:/st/stm32cubeide_1.4.0/stm32cubeide/plugins/com.st.stm32cube.ide.mcu.externaltools.gnu-tools-for-stm32.10.3-2021.10.win32_1.0.0.202111181127/tools/bin/../lib/gcc/arm-none-eabi/10.3.1/thumb/v7-m/nofp/crtbegin.o
 *(.text*)
 .text.MCAL_DIO_ReadChannel
                0x0000000008000170       0x24 ./AUTOSAR_Implementation/MCAL/DIO.o
                0x0000000008000170                MCAL_DIO_ReadChannel
 .text.MCAL_DIO_WriteChannel
                0x0000000008000194       0x2c ./AUTOSAR_Implementation/MCAL/DIO.o
                0x0000000008000194                MCAL_DIO_WriteChannel
 .text.Rte_IRead_SWC_DoorLock_Indication_DoorLock_Indication_Algo_RP_SR_DoorLock_DoorState
                0x00000000080001c0       0x18 ./AUTOSAR_Implementation/RTE_GeneratedFiles/Rte_SWC_DoorLock_Indication.o
                0x00000000080001c0                Rte_IRead_SWC_DoorLock_Indication_DoorLock_Indication_Algo_RP_SR_DoorLock_DoorState
 .text.Rte_Call_SWC_DoorLock_Indication_RP_CS_LedSwitch_LedSwitch
                0x00000000080001d8       0x40 ./AUTOSAR_Implementation/RTE_GeneratedFiles/Rte_SWC_DoorLock_Indication.o
                0x00000000080001d8                Rte_Call_SWC_DoorLock_Indication_RP_CS_LedSwitch_LedSwitch
 .text.Rte_IWrite_SWC_DoorSensor_LedActuator_Abs_Read_DoorSensor_PP_SR_DoorLock_DoorState
                0x0000000008000218       0x20 ./AUTOSAR_Implementation/RTE_GeneratedFiles/Rte_SWC_DoorSensor_LedActuator_Abs.o
                0x0000000008000218                Rte_IWrite_SWC_DoorSensor_LedActuator_Abs_Read_DoorSensor_PP_SR_DoorLock_DoorState
 .text.DoorLock_Indication_Algo_Runnable
                0x0000000008000238       0x2e ./AUTOSAR_Implementation/SWCs/SWC_DoorLock_Indication.o
                0x0000000008000238                DoorLock_Indication_Algo_Runnable
 .text.Set_LedSwitch_Runnable
                0x0000000008000266       0x3e ./AUTOSAR_Implementation/SWCs/SWC_DoorSensor_LedActuator_Abs.o
                0x0000000008000266                Set_LedSwitch_Runnable
 .text.Read_DoorSensor_Runnable
                0x00000000080002a4       0x24 ./AUTOSAR_Implementation/SWCs/SWC_DoorSensor_LedActuator_Abs.o
                0x00000000080002a4                Read_DoorSensor_Runnable
 .text.EXTI0_IRQHandler
                0x00000000080002c8       0x24 ./MCAL/Src/Stm32f103c6_EXTI_Driver.o
                0x00000000080002c8                EXTI0_IRQHandler
 .text.EXTI1_IRQHandler
                0x00000000080002ec       0x24 ./MCAL/Src/Stm32f103c6_EXTI_Driver.o
                0x00000000080002ec                EXTI1_IRQHandler
 .text.EXTI2_IRQHandler
                0x0000000008000310       0x24 ./MCAL/Src/Stm32f103c6_EXTI_Driver.o
                0x0000000008000310                EXTI2_IRQHandler
 .text.EXTI3_IRQHandler
                0x0000000008000334       0x24 ./MCAL/Src/Stm32f103c6_EXTI_Driver.o
                0x0000000008000334                EXTI3_IRQHandler
 .text.EXTI4_IRQHandler
                0x0000000008000358       0x24 ./MCAL/Src/Stm32f103c6_EXTI_Driver.o
                0x0000000008000358                EXTI4_IRQHandler
 .text.EXTI9_5_IRQHandler
                0x000000000800037c       0xa8 ./MCAL/Src/Stm32f103c6_EXTI_Driver.o
                0x000000000800037c                EXTI9_5_IRQHandler
 .text.EXTI15_10_IRQHandler
                0x0000000008000424       0xc4 ./MCAL/Src/Stm32f103c6_EXTI_Driver.o
                0x0000000008000424                EXTI15_10_IRQHandler
 .text.Get_CRLH_Position
                0x00000000080004e8      0x170 ./MCAL/Src/Stm32f103c6_GPIO_Driver.o
                0x00000000080004e8                Get_CRLH_Position
 .text.MCAL_GPIO_Init
                0x0000000008000658      0x11c ./MCAL/Src/Stm32f103c6_GPIO_Driver.o
                0x0000000008000658                MCAL_GPIO_Init
 .text.MCAL_GPIO_ReadPin
                0x0000000008000774       0x2e ./MCAL/Src/Stm32f103c6_GPIO_Driver.o
                0x0000000008000774                MCAL_GPIO_ReadPin
 .text.MCAL_GPIO_WritePin
                0x00000000080007a2       0x2e ./MCAL/Src/Stm32f103c6_GPIO_Driver.o
                0x00000000080007a2                MCAL_GPIO_WritePin
 .text.I2C_ClearADDRFlag
                0x00000000080007d0       0x1e ./MCAL/Src/Stm32f103c6_I2C_Driver.o
                0x00000000080007d0                I2C_ClearADDRFlag
 *fill*         0x00000000080007ee        0x2 
 .text.I2C1_EV_IRQHandler
                0x00000000080007f0       0xe0 ./MCAL/Src/Stm32f103c6_I2C_Driver.o
                0x00000000080007f0                I2C1_EV_IRQHandler
 .text.I2C1_ER_IRQHandler
                0x00000000080008d0        0xc ./MCAL/Src/Stm32f103c6_I2C_Driver.o
                0x00000000080008d0                I2C1_ER_IRQHandler
 .text.I2C2_EV_IRQHandler
                0x00000000080008dc        0xc ./MCAL/Src/Stm32f103c6_I2C_Driver.o
                0x00000000080008dc                I2C2_EV_IRQHandler
 .text.I2C2_ER_IRQHandler
                0x00000000080008e8        0xc ./MCAL/Src/Stm32f103c6_I2C_Driver.o
                0x00000000080008e8                I2C2_ER_IRQHandler
 .text.Slave_States
                0x00000000080008f4       0xe0 ./MCAL/Src/Stm32f103c6_I2C_Driver.o
                0x00000000080008f4                Slave_States
 .text.SPI1_IRQHandler
                0x00000000080009d4       0x58 ./MCAL/Src/Stm32f103c6_SPI_Driver.o
                0x00000000080009d4                SPI1_IRQHandler
 .text.SPI2_IRQHandler
                0x0000000008000a2c       0x58 ./MCAL/Src/Stm32f103c6_SPI_Driver.o
                0x0000000008000a2c                SPI2_IRQHandler
 .text.USART1_IRQHandler
                0x0000000008000a84       0x70 ./MCAL/Src/Stm32f103c6_USART_Driver.o
                0x0000000008000a84                USART1_IRQHandler
 .text.USART2_IRQHandler
                0x0000000008000af4       0x70 ./MCAL/Src/Stm32f103c6_USART_Driver.o
                0x0000000008000af4                USART2_IRQHandler
 .text.USART3_IRQHandler
                0x0000000008000b64       0x70 ./MCAL/Src/Stm32f103c6_USART_Driver.o
                0x0000000008000b64                USART3_IRQHandler
 .text.wait_cycles
                0x0000000008000bd4       0x2c ./Src/main.o
                0x0000000008000bd4                wait_cycles
 .text.main     0x0000000008000c00        0xe ./Src/main.o
                0x0000000008000c00                main
 *fill*         0x0000000008000c0e        0x2 
 .text.MCU_Init
                0x0000000008000c10       0x4c ./Src/main.o
                0x0000000008000c10                MCU_Init
 .text.StartOS  0x0000000008000c5c       0x3a ./Src/main.o
                0x0000000008000c5c                StartOS
 *fill*         0x0000000008000c96        0x2 
 .text.Reset_Handler
                0x0000000008000c98       0x50 ./Startup/startup_stm32f103c6tx.o
                0x0000000008000c98                Reset_Handler
 .text.Default_Handler
                0x0000000008000ce8        0x2 ./Startup/startup_stm32f103c6tx.o
                0x0000000008000ce8                TIM8_TRG_COM_IRQHandler
                0x0000000008000ce8                TIM8_CC_IRQHandler
                0x0000000008000ce8                DebugMon_Handler
                0x0000000008000ce8                TIM1_CC_IRQHandler
                0x0000000008000ce8                HardFault_Handler
                0x0000000008000ce8                TIM6_IRQHandler
                0x0000000008000ce8                SysTick_Handler
                0x0000000008000ce8                PVD_IRQHandler
                0x0000000008000ce8                SDIO_IRQHandler
                0x0000000008000ce8                PendSV_Handler
                0x0000000008000ce8                NMI_Handler
                0x0000000008000ce8                USB_HP_CAN_TX_IRQHandler
                0x0000000008000ce8                UsageFault_Handler
                0x0000000008000ce8                ADC1_2_IRQHandler
                0x0000000008000ce8                CAN_SCE_IRQHandler
                0x0000000008000ce8                TAMPER_IRQHandler
                0x0000000008000ce8                TIM8_UP_IRQHandler
                0x0000000008000ce8                DMA2_Channel2_IRQHandler
                0x0000000008000ce8                DMA1_Channel4_IRQHandler
                0x0000000008000ce8                RTC_IRQHandler
                0x0000000008000ce8                DMA1_Channel7_IRQHandler
                0x0000000008000ce8                UART5_IRQHandler
                0x0000000008000ce8                ADC3_IRQHandler
                0x0000000008000ce8                TIM4_IRQHandler
                0x0000000008000ce8                CAN_RX1_IRQHandler
                0x0000000008000ce8                DMA2_Channel1_IRQHandler
                0x0000000008000ce8                DMA1_Channel6_IRQHandler
                0x0000000008000ce8                UART4_IRQHandler
                0x0000000008000ce8                TIM3_IRQHandler
                0x0000000008000ce8                RCC_IRQHandler
                0x0000000008000ce8                TIM1_TRG_COM_IRQHandler
                0x0000000008000ce8                DMA1_Channel1_IRQHandler
                0x0000000008000ce8                Default_Handler
                0x0000000008000ce8                TIM7_IRQHandler
                0x0000000008000ce8                TIM5_IRQHandler
                0x0000000008000ce8                USB_LP_CAN_RX0_IRQHandler
                0x0000000008000ce8                MemManage_Handler
                0x0000000008000ce8                SVC_Handler
                0x0000000008000ce8                DMA1_Channel5_IRQHandler
                0x0000000008000ce8                DMA1_Channel3_IRQHandler
                0x0000000008000ce8                FSMC_IRQHandler
                0x0000000008000ce8                TIM1_UP_IRQHandler
                0x0000000008000ce8                WWDG_IRQHandler
                0x0000000008000ce8                TIM2_IRQHandler
                0x0000000008000ce8                TIM1_BRK_IRQHandler
                0x0000000008000ce8                RTCAlarm_IRQHandler
                0x0000000008000ce8                DMA2_Channel4_5_IRQHandler
                0x0000000008000ce8                DMA1_Channel2_IRQHandler
                0x0000000008000ce8                TIM8_BRK_IRQHandler
                0x0000000008000ce8                FLASH_IRQHandler
                0x0000000008000ce8                BusFault_Handler
                0x0000000008000ce8                SPI3_IRQHandler
                0x0000000008000ce8                DMA2_Channel3_IRQHandler
 *fill*         0x0000000008000cea        0x2 
 .text.__libc_init_array
                0x0000000008000cec       0x48 c:/st/stm32cubeide_1.4.0/stm32cubeide/plugins/com.st.stm32cube.ide.mcu.externaltools.gnu-tools-for-stm32.10.3-2021.10.win32_1.0.0.202111181127/tools/bin/../lib/gcc/arm-none-eabi/10.3.1/../../../../arm-none-eabi/lib/thumb/v7-m/nofp\libc_nano.a(lib_a-init.o)
                0x0000000008000cec                __libc_init_array
 *(.glue_7)
 .glue_7        0x0000000008000d34        0x0 linker stubs
 *(.glue_7t)
 .glue_7t       0x0000000008000d34        0x0 linker stubs
 *(.eh_frame)
 .eh_frame      0x0000000008000d34        0x0 c:/st/stm32cubeide_1.4.0/stm32cubeide/plugins/com.st.stm32cube.ide.mcu.externaltools.gnu-tools-for-stm32.10.3-2021.10.win32_1.0.0.202111181127/tools/bin/../lib/gcc/arm-none-eabi/10.3.1/thumb/v7-m/nofp/crtbegin.o
 *(.init)
 .init          0x0000000008000d34        0x4 c:/st/stm32cubeide_1.4.0/stm32cubeide/plugins/com.st.stm32cube.ide.mcu.externaltools.gnu-tools-for-stm32.10.3-2021.10.win32_1.0.0.202111181127/tools/bin/../lib/gcc/arm-none-eabi/10.3.1/thumb/v7-m/nofp/crti.o
                0x0000000008000d34                _init
 .init          0x0000000008000d38        0x8 c:/st/stm32cubeide_1.4.0/stm32cubeide/plugins/com.st.stm32cube.ide.mcu.externaltools.gnu-tools-for-stm32.10.3-2021.10.win32_1.0.0.202111181127/tools/bin/../lib/gcc/arm-none-eabi/10.3.1/thumb/v7-m/nofp/crtn.o
 *(.fini)
 .fini          0x0000000008000d40        0x4 c:/st/stm32cubeide_1.4.0/stm32cubeide/plugins/com.st.stm32cube.ide.mcu.externaltools.gnu-tools-for-stm32.10.3-2021.10.win32_1.0.0.202111181127/tools/bin/../lib/gcc/arm-none-eabi/10.3.1/thumb/v7-m/nofp/crti.o
                0x0000000008000d40                _fini
 .fini          0x0000000008000d44        0x8 c:/st/stm32cubeide_1.4.0/stm32cubeide/plugins/com.st.stm32cube.ide.mcu.externaltools.gnu-tools-for-stm32.10.3-2021.10.win32_1.0.0.202111181127/tools/bin/../lib/gcc/arm-none-eabi/10.3.1/thumb/v7-m/nofp/crtn.o
                0x0000000008000d4c                . = ALIGN (0x4)
                0x0000000008000d4c                _etext = .

.vfp11_veneer   0x0000000008000d4c        0x0
 .vfp11_veneer  0x0000000008000d4c        0x0 linker stubs

.v4_bx          0x0000000008000d4c        0x0
 .v4_bx         0x0000000008000d4c        0x0 linker stubs

.iplt           0x0000000008000d4c        0x0
 .iplt          0x0000000008000d4c        0x0 c:/st/stm32cubeide_1.4.0/stm32cubeide/plugins/com.st.stm32cube.ide.mcu.externaltools.gnu-tools-for-stm32.10.3-2021.10.win32_1.0.0.202111181127/tools/bin/../lib/gcc/arm-none-eabi/10.3.1/thumb/v7-m/nofp/crtbegin.o

.rodata         0x0000000008000d4c        0x8
                0x0000000008000d4c                . = ALIGN (0x4)
 *(.rodata)
 *(.rodata*)
 .rodata.Rte_Instance_SWC_DoorLock_Indication
                0x0000000008000d4c        0x4 ./AUTOSAR_Implementation/RTE_GeneratedFiles/Rte_SWC_DoorLock_Indication.o
                0x0000000008000d4c                Rte_Instance_SWC_DoorLock_Indication
 .rodata.Rte_Instance_SWC_DoorSensor_LedActuator_Abs
                0x0000000008000d50        0x4 ./AUTOSAR_Implementation/RTE_GeneratedFiles/Rte_SWC_DoorSensor_LedActuator_Abs.o
                0x0000000008000d50                Rte_Instance_SWC_DoorSensor_LedActuator_Abs
                0x0000000008000d54                . = ALIGN (0x4)

.rel.dyn        0x0000000008000d54        0x0
 .rel.iplt      0x0000000008000d54        0x0 c:/st/stm32cubeide_1.4.0/stm32cubeide/plugins/com.st.stm32cube.ide.mcu.externaltools.gnu-tools-for-stm32.10.3-2021.10.win32_1.0.0.202111181127/tools/bin/../lib/gcc/arm-none-eabi/10.3.1/thumb/v7-m/nofp/crtbegin.o

.ARM.extab      0x0000000008000d54        0x0
                0x0000000008000d54                . = ALIGN (0x4)
 *(.ARM.extab* .gnu.linkonce.armextab.*)
                0x0000000008000d54                . = ALIGN (0x4)

.ARM            0x0000000008000d54        0x0
                0x0000000008000d54                . = ALIGN (0x4)
                0x0000000008000d54                __exidx_start = .
 *(.ARM.exidx*)
                0x0000000008000d54                __exidx_end = .
                0x0000000008000d54                . = ALIGN (0x4)

.preinit_array  0x0000000008000d54        0x0
                0x0000000008000d54                . = ALIGN (0x4)
                0x0000000008000d54                PROVIDE (__preinit_array_start = .)
 *(.preinit_array*)
                0x0000000008000d54                PROVIDE (__preinit_array_end = .)
                0x0000000008000d54                . = ALIGN (0x4)

.init_array     0x0000000008000d54        0x4
                0x0000000008000d54                . = ALIGN (0x4)
                0x0000000008000d54                PROVIDE (__init_array_start = .)
 *(SORT_BY_NAME(.init_array.*))
 *(.init_array*)
 .init_array    0x0000000008000d54        0x4 c:/st/stm32cubeide_1.4.0/stm32cubeide/plugins/com.st.stm32cube.ide.mcu.externaltools.gnu-tools-for-stm32.10.3-2021.10.win32_1.0.0.202111181127/tools/bin/../lib/gcc/arm-none-eabi/10.3.1/thumb/v7-m/nofp/crtbegin.o
                0x0000000008000d58                PROVIDE (__init_array_end = .)
                0x0000000008000d58                . = ALIGN (0x4)

.fini_array     0x0000000008000d58        0x4
                0x0000000008000d58                . = ALIGN (0x4)
                [!provide]                        PROVIDE (__fini_array_start = .)
 *(SORT_BY_NAME(.fini_array.*))
 *(.fini_array*)
 .fini_array    0x0000000008000d58        0x4 c:/st/stm32cubeide_1.4.0/stm32cubeide/plugins/com.st.stm32cube.ide.mcu.externaltools.gnu-tools-for-stm32.10.3-2021.10.win32_1.0.0.202111181127/tools/bin/../lib/gcc/arm-none-eabi/10.3.1/thumb/v7-m/nofp/crtbegin.o
                [!provide]                        PROVIDE (__fini_array_end = .)
                0x0000000008000d5c                . = ALIGN (0x4)
                0x0000000008000d5c                _sidata = LOADADDR (.data)

.data           0x0000000020000000        0x0 load address 0x0000000008000d5c
                0x0000000020000000                . = ALIGN (0x4)
                0x0000000020000000                _sdata = .
 *(.data)
 *(.data*)
 *(.RamFunc)
 *(.RamFunc*)
                0x0000000020000000                . = ALIGN (0x4)
                0x0000000020000000                _edata = .

.igot.plt       0x0000000020000000        0x0 load address 0x0000000008000d5c
 .igot.plt      0x0000000020000000        0x0 c:/st/stm32cubeide_1.4.0/stm32cubeide/plugins/com.st.stm32cube.ide.mcu.externaltools.gnu-tools-for-stm32.10.3-2021.10.win32_1.0.0.202111181127/tools/bin/../lib/gcc/arm-none-eabi/10.3.1/thumb/v7-m/nofp/crtbegin.o
                0x0000000020000000                . = ALIGN (0x4)

.bss            0x0000000020000000       0xc0 load address 0x0000000008000d5c
                0x0000000020000000                _sbss = .
                0x0000000020000000                __bss_start__ = _sbss
 *(.bss)
 .bss           0x0000000020000000       0x1c c:/st/stm32cubeide_1.4.0/stm32cubeide/plugins/com.st.stm32cube.ide.mcu.externaltools.gnu-tools-for-stm32.10.3-2021.10.win32_1.0.0.202111181127/tools/bin/../lib/gcc/arm-none-eabi/10.3.1/thumb/v7-m/nofp/crtbegin.o
 *(.bss*)
 .bss.Read_DoorSensor_PP_SR_DoorLock_DoorState
                0x000000002000001c        0x1 ./AUTOSAR_Implementation/RTE_GeneratedFiles/Rte_SWC_DoorLock_Indication.o
                0x000000002000001c                Read_DoorSensor_PP_SR_DoorLock_DoorState
 .bss.SWC_DoorLock_Indication_RP_CS_LedSwitch_LedSwitch_Buffer_retcode
                0x000000002000001d        0x1 ./AUTOSAR_Implementation/RTE_GeneratedFiles/Rte_SWC_DoorLock_Indication.o
                0x000000002000001d                SWC_DoorLock_Indication_RP_CS_LedSwitch_LedSwitch_Buffer_retcode
 *fill*         0x000000002000001e        0x2 
 .bss.Rte_Call_SWC_DoorLock_Indication_RP_CS_LedSwitch_LedSwitch_Delegate
                0x0000000020000020        0x4 ./AUTOSAR_Implementation/RTE_GeneratedFiles/Rte_SWC_DoorLock_Indication.o
                0x0000000020000020                Rte_Call_SWC_DoorLock_Indication_RP_CS_LedSwitch_LedSwitch_Delegate
 .bss.P_IRQ_Callback_g
                0x0000000020000024       0x40 ./MCAL/Src/Stm32f103c6_EXTI_Driver.o
                0x0000000020000024                P_IRQ_Callback_g
 .bss.Global_I2C_Config
                0x0000000020000064       0x48 ./MCAL/Src/Stm32f103c6_I2C_Driver.o
                0x0000000020000064                Global_I2C_Config
 .bss.P_SPI_IRQ_Callback_g
                0x00000000200000ac        0x8 ./MCAL/Src/Stm32f103c6_SPI_Driver.o
                0x00000000200000ac                P_SPI_IRQ_Callback_g
 .bss.P_UART_IRQ_Callback_g
                0x00000000200000b4        0xc ./MCAL/Src/Stm32f103c6_USART_Driver.o
                0x00000000200000b4                P_UART_IRQ_Callback_g
 *(COMMON)
                0x00000000200000c0                . = ALIGN (0x4)
                0x00000000200000c0                _ebss = .
                0x00000000200000c0                __bss_end__ = _ebss

._user_heap_stack
                0x00000000200000c0      0x600 load address 0x0000000008000d5c
                0x00000000200000c0                . = ALIGN (0x8)
                [!provide]                        PROVIDE (end = .)
                0x00000000200000c0                PROVIDE (_end = .)
                0x00000000200002c0                . = (. + _Min_Heap_Size)
 *fill*         0x00000000200000c0      0x200 
                0x00000000200006c0                . = (. + _Min_Stack_Size)
 *fill*         0x00000000200002c0      0x400 
                0x00000000200006c0                . = ALIGN (0x8)

/DISCARD/
 libc.a(*)
 libm.a(*)
 libgcc.a(*)

.ARM.attributes
                0x0000000000000000       0x29
 *(.ARM.attributes)
 .ARM.attributes
                0x0000000000000000       0x1d c:/st/stm32cubeide_1.4.0/stm32cubeide/plugins/com.st.stm32cube.ide.mcu.externaltools.gnu-tools-for-stm32.10.3-2021.10.win32_1.0.0.202111181127/tools/bin/../lib/gcc/arm-none-eabi/10.3.1/thumb/v7-m/nofp/crti.o
 .ARM.attributes
                0x000000000000001d       0x2d c:/st/stm32cubeide_1.4.0/stm32cubeide/plugins/com.st.stm32cube.ide.mcu.externaltools.gnu-tools-for-stm32.10.3-2021.10.win32_1.0.0.202111181127/tools/bin/../lib/gcc/arm-none-eabi/10.3.1/thumb/v7-m/nofp/crtbegin.o
 .ARM.attributes
                0x000000000000004a       0x2d ./AUTOSAR_Implementation/MCAL/DIO.o
 .ARM.attributes
                0x0000000000000077       0x2d ./AUTOSAR_Implementation/RTE_GeneratedFiles/Rte_SWC_DoorLock_Indication.o
 .ARM.attributes
                0x00000000000000a4       0x2d ./AUTOSAR_Implementation/RTE_GeneratedFiles/Rte_SWC_DoorSensor_LedActuator_Abs.o
 .ARM.attributes
                0x00000000000000d1       0x2d ./AUTOSAR_Implementation/SWCs/SWC_DoorLock_Indication.o
 .ARM.attributes
                0x00000000000000fe       0x2d ./AUTOSAR_Implementation/SWCs/SWC_DoorSensor_LedActuator_Abs.o
 .ARM.attributes
                0x000000000000012b       0x2d ./MCAL/Src/Stm32f103c6_EXTI_Driver.o
 .ARM.attributes
                0x0000000000000158       0x2d ./MCAL/Src/Stm32f103c6_GPIO_Driver.o
 .ARM.attributes
                0x0000000000000185       0x2d ./MCAL/Src/Stm32f103c6_I2C_Driver.o
 .ARM.attributes
                0x00000000000001b2       0x2d ./MCAL/Src/Stm32f103c6_SPI_Driver.o
 .ARM.attributes
                0x00000000000001df       0x2d ./MCAL/Src/Stm32f103c6_USART_Driver.o
 .ARM.attributes
                0x000000000000020c       0x2d ./Src/main.o
 .ARM.attributes
                0x0000000000000239       0x21 ./Startup/startup_stm32f103c6tx.o
 .ARM.attributes
                0x000000000000025a       0x2d c:/st/stm32cubeide_1.4.0/stm32cubeide/plugins/com.st.stm32cube.ide.mcu.externaltools.gnu-tools-for-stm32.10.3-2021.10.win32_1.0.0.202111181127/tools/bin/../lib/gcc/arm-none-eabi/10.3.1/../../../../arm-none-eabi/lib/thumb/v7-m/nofp\libc_nano.a(lib_a-init.o)
 .ARM.attributes
                0x0000000000000287       0x1d c:/st/stm32cubeide_1.4.0/stm32cubeide/plugins/com.st.stm32cube.ide.mcu.externaltools.gnu-tools-for-stm32.10.3-2021.10.win32_1.0.0.202111181127/tools/bin/../lib/gcc/arm-none-eabi/10.3.1/thumb/v7-m/nofp/crtn.o
OUTPUT(Door_Lock_Indicaton.axf elf32-littlearm)
LOAD linker stubs
LOAD c:/st/stm32cubeide_1.4.0/stm32cubeide/plugins/com.st.stm32cube.ide.mcu.externaltools.gnu-tools-for-stm32.10.3-2021.10.win32_1.0.0.202111181127/tools/bin/../lib/gcc/arm-none-eabi/10.3.1/../../../../arm-none-eabi/lib/thumb/v7-m/nofp\libc.a
LOAD c:/st/stm32cubeide_1.4.0/stm32cubeide/plugins/com.st.stm32cube.ide.mcu.externaltools.gnu-tools-for-stm32.10.3-2021.10.win32_1.0.0.202111181127/tools/bin/../lib/gcc/arm-none-eabi/10.3.1/../../../../arm-none-eabi/lib/thumb/v7-m/nofp\libm.a
LOAD c:/st/stm32cubeide_1.4.0/stm32cubeide/plugins/com.st.stm32cube.ide.mcu.externaltools.gnu-tools-for-stm32.10.3-2021.10.win32_1.0.0.202111181127/tools/bin/../lib/gcc/arm-none-eabi/10.3.1/thumb/v7-m/nofp\libgcc.a

.debug_info     0x0000000000000000     0x2e25
 .debug_info    0x0000000000000000      0x1f4 ./AUTOSAR_Implementation/MCAL/DIO.o
 .debug_info    0x00000000000001f4      0x246 ./AUTOSAR_Implementation/RTE_GeneratedFiles/Rte_SWC_DoorLock_Indication.o
 .debug_info    0x000000000000043a      0x18c ./AUTOSAR_Implementation/RTE_GeneratedFiles/Rte_SWC_DoorSensor_LedActuator_Abs.o
 .debug_info    0x00000000000005c6      0x11b ./AUTOSAR_Implementation/SWCs/SWC_DoorLock_Indication.o
 .debug_info    0x00000000000006e1      0x198 ./AUTOSAR_Implementation/SWCs/SWC_DoorSensor_LedActuator_Abs.o
 .debug_info    0x0000000000000879      0x52e ./MCAL/Src/Stm32f103c6_EXTI_Driver.o
 .debug_info    0x0000000000000da7      0x4bd ./MCAL/Src/Stm32f103c6_GPIO_Driver.o
 .debug_info    0x0000000000001264      0xaaa ./MCAL/Src/Stm32f103c6_I2C_Driver.o
 .debug_info    0x0000000000001d0e      0x6c6 ./MCAL/Src/Stm32f103c6_SPI_Driver.o
 .debug_info    0x00000000000023d4      0x6f8 ./MCAL/Src/Stm32f103c6_USART_Driver.o
 .debug_info    0x0000000000002acc      0x337 ./Src/main.o
 .debug_info    0x0000000000002e03       0x22 ./Startup/startup_stm32f103c6tx.o

.debug_abbrev   0x0000000000000000      0xf24
 .debug_abbrev  0x0000000000000000      0x10c ./AUTOSAR_Implementation/MCAL/DIO.o
 .debug_abbrev  0x000000000000010c      0x139 ./AUTOSAR_Implementation/RTE_GeneratedFiles/Rte_SWC_DoorLock_Indication.o
 .debug_abbrev  0x0000000000000245       0xfb ./AUTOSAR_Implementation/RTE_GeneratedFiles/Rte_SWC_DoorSensor_LedActuator_Abs.o
 .debug_abbrev  0x0000000000000340       0x9c ./AUTOSAR_Implementation/SWCs/SWC_DoorLock_Indication.o
 .debug_abbrev  0x00000000000003dc       0xcb ./AUTOSAR_Implementation/SWCs/SWC_DoorSensor_LedActuator_Abs.o
 .debug_abbrev  0x00000000000004a7      0x198 ./MCAL/Src/Stm32f103c6_EXTI_Driver.o
 .debug_abbrev  0x000000000000063f      0x16f ./MCAL/Src/Stm32f103c6_GPIO_Driver.o
 .debug_abbrev  0x00000000000007ae      0x223 ./MCAL/Src/Stm32f103c6_I2C_Driver.o
 .debug_abbrev  0x00000000000009d1      0x1f4 ./MCAL/Src/Stm32f103c6_SPI_Driver.o
 .debug_abbrev  0x0000000000000bc5      0x21a ./MCAL/Src/Stm32f103c6_USART_Driver.o
 .debug_abbrev  0x0000000000000ddf      0x133 ./Src/main.o
 .debug_abbrev  0x0000000000000f12       0x12 ./Startup/startup_stm32f103c6tx.o

.debug_loc      0x0000000000000000     0x15bc
 .debug_loc     0x0000000000000000       0xa0 ./AUTOSAR_Implementation/MCAL/DIO.o
 .debug_loc     0x00000000000000a0       0x94 ./AUTOSAR_Implementation/RTE_GeneratedFiles/Rte_SWC_DoorLock_Indication.o
 .debug_loc     0x0000000000000134       0xa0 ./AUTOSAR_Implementation/RTE_GeneratedFiles/Rte_SWC_DoorSensor_LedActuator_Abs.o
 .debug_loc     0x00000000000001d4       0x50 ./AUTOSAR_Implementation/SWCs/SWC_DoorLock_Indication.o
 .debug_loc     0x0000000000000224       0xa0 ./AUTOSAR_Implementation/SWCs/SWC_DoorSensor_LedActuator_Abs.o
 .debug_loc     0x00000000000002c4      0x320 ./MCAL/Src/Stm32f103c6_EXTI_Driver.o
 .debug_loc     0x00000000000005e4      0x330 ./MCAL/Src/Stm32f103c6_GPIO_Driver.o
 .debug_loc     0x0000000000000914      0x5dc ./MCAL/Src/Stm32f103c6_I2C_Driver.o
 .debug_loc     0x0000000000000ef0      0x2bc ./MCAL/Src/Stm32f103c6_SPI_Driver.o
 .debug_loc     0x00000000000011ac      0x300 ./MCAL/Src/Stm32f103c6_USART_Driver.o
 .debug_loc     0x00000000000014ac      0x110 ./Src/main.o

.debug_aranges  0x0000000000000000      0x360
 .debug_aranges
                0x0000000000000000       0x28 ./AUTOSAR_Implementation/MCAL/DIO.o
 .debug_aranges
                0x0000000000000028       0x28 ./AUTOSAR_Implementation/RTE_GeneratedFiles/Rte_SWC_DoorLock_Indication.o
 .debug_aranges
                0x0000000000000050       0x28 ./AUTOSAR_Implementation/RTE_GeneratedFiles/Rte_SWC_DoorSensor_LedActuator_Abs.o
 .debug_aranges
                0x0000000000000078       0x20 ./AUTOSAR_Implementation/SWCs/SWC_DoorLock_Indication.o
 .debug_aranges
                0x0000000000000098       0x28 ./AUTOSAR_Implementation/SWCs/SWC_DoorSensor_LedActuator_Abs.o
 .debug_aranges
                0x00000000000000c0       0x80 ./MCAL/Src/Stm32f103c6_EXTI_Driver.o
 .debug_aranges
                0x0000000000000140       0x60 ./MCAL/Src/Stm32f103c6_GPIO_Driver.o
 .debug_aranges
                0x00000000000001a0       0xa8 ./MCAL/Src/Stm32f103c6_I2C_Driver.o
 .debug_aranges
                0x0000000000000248       0x58 ./MCAL/Src/Stm32f103c6_SPI_Driver.o
 .debug_aranges
                0x00000000000002a0       0x60 ./MCAL/Src/Stm32f103c6_USART_Driver.o
 .debug_aranges
                0x0000000000000300       0x38 ./Src/main.o
 .debug_aranges
                0x0000000000000338       0x28 ./Startup/startup_stm32f103c6tx.o

.debug_ranges   0x0000000000000000      0x2a8
 .debug_ranges  0x0000000000000000       0x18 ./AUTOSAR_Implementation/MCAL/DIO.o
 .debug_ranges  0x0000000000000018       0x18 ./AUTOSAR_Implementation/RTE_GeneratedFiles/Rte_SWC_DoorLock_Indication.o
 .debug_ranges  0x0000000000000030       0x18 ./AUTOSAR_Implementation/RTE_GeneratedFiles/Rte_SWC_DoorSensor_LedActuator_Abs.o
 .debug_ranges  0x0000000000000048       0x10 ./AUTOSAR_Implementation/SWCs/SWC_DoorLock_Indication.o
 .debug_ranges  0x0000000000000058       0x18 ./AUTOSAR_Implementation/SWCs/SWC_DoorSensor_LedActuator_Abs.o
 .debug_ranges  0x0000000000000070       0x70 ./MCAL/Src/Stm32f103c6_EXTI_Driver.o
 .debug_ranges  0x00000000000000e0       0x50 ./MCAL/Src/Stm32f103c6_GPIO_Driver.o
 .debug_ranges  0x0000000000000130       0x98 ./MCAL/Src/Stm32f103c6_I2C_Driver.o
 .debug_ranges  0x00000000000001c8       0x48 ./MCAL/Src/Stm32f103c6_SPI_Driver.o
 .debug_ranges  0x0000000000000210       0x50 ./MCAL/Src/Stm32f103c6_USART_Driver.o
 .debug_ranges  0x0000000000000260       0x28 ./Src/main.o
 .debug_ranges  0x0000000000000288       0x20 ./Startup/startup_stm32f103c6tx.o

.debug_macro    0x0000000000000000     0x3799
 .debug_macro   0x0000000000000000      0x15f ./AUTOSAR_Implementation/MCAL/DIO.o
 .debug_macro   0x000000000000015f      0xa72 ./AUTOSAR_Implementation/MCAL/DIO.o
 .debug_macro   0x0000000000000bd1       0x18 ./AUTOSAR_Implementation/MCAL/DIO.o
 .debug_macro   0x0000000000000be9       0x22 ./AUTOSAR_Implementation/MCAL/DIO.o
 .debug_macro   0x0000000000000c0b       0x4c ./AUTOSAR_Implementation/MCAL/DIO.o
 .debug_macro   0x0000000000000c57       0x94 ./AUTOSAR_Implementation/MCAL/DIO.o
 .debug_macro   0x0000000000000ceb       0x3c ./AUTOSAR_Implementation/MCAL/DIO.o
 .debug_macro   0x0000000000000d27       0x34 ./AUTOSAR_Implementation/MCAL/DIO.o
 .debug_macro   0x0000000000000d5b       0x16 ./AUTOSAR_Implementation/MCAL/DIO.o
 .debug_macro   0x0000000000000d71      0x10e ./AUTOSAR_Implementation/MCAL/DIO.o
 .debug_macro   0x0000000000000e7f       0x8d ./AUTOSAR_Implementation/MCAL/DIO.o
 .debug_macro   0x0000000000000f0c       0x16 ./AUTOSAR_Implementation/MCAL/DIO.o
 .debug_macro   0x0000000000000f22       0x43 ./AUTOSAR_Implementation/MCAL/DIO.o
 .debug_macro   0x0000000000000f65       0x57 ./AUTOSAR_Implementation/MCAL/DIO.o
 .debug_macro   0x0000000000000fbc       0x34 ./AUTOSAR_Implementation/MCAL/DIO.o
 .debug_macro   0x0000000000000ff0       0x10 ./AUTOSAR_Implementation/MCAL/DIO.o
 .debug_macro   0x0000000000001000       0x58 ./AUTOSAR_Implementation/MCAL/DIO.o
 .debug_macro   0x0000000000001058       0x71 ./AUTOSAR_Implementation/MCAL/DIO.o
 .debug_macro   0x00000000000010c9       0x1c ./AUTOSAR_Implementation/MCAL/DIO.o
 .debug_macro   0x00000000000010e5      0x12a ./AUTOSAR_Implementation/MCAL/DIO.o
 .debug_macro   0x000000000000120f      0x341 ./AUTOSAR_Implementation/MCAL/DIO.o
 .debug_macro   0x0000000000001550       0x16 ./AUTOSAR_Implementation/MCAL/DIO.o
 .debug_macro   0x0000000000001566       0x29 ./AUTOSAR_Implementation/MCAL/DIO.o
 .debug_macro   0x000000000000158f      0x103 ./AUTOSAR_Implementation/MCAL/DIO.o
 .debug_macro   0x0000000000001692       0x6a ./AUTOSAR_Implementation/MCAL/DIO.o
 .debug_macro   0x00000000000016fc      0x1df ./AUTOSAR_Implementation/MCAL/DIO.o
 .debug_macro   0x00000000000018db      0x6d4 ./AUTOSAR_Implementation/MCAL/DIO.o
 .debug_macro   0x0000000000001faf       0xd0 ./AUTOSAR_Implementation/MCAL/DIO.o
 .debug_macro   0x000000000000207f       0x16 ./AUTOSAR_Implementation/MCAL/DIO.o
 .debug_macro   0x0000000000002095      0x198 ./AUTOSAR_Implementation/RTE_GeneratedFiles/Rte_SWC_DoorLock_Indication.o
 .debug_macro   0x000000000000222d      0x174 ./AUTOSAR_Implementation/RTE_GeneratedFiles/Rte_SWC_DoorLock_Indication.o
 .debug_macro   0x00000000000023a1       0x10 ./AUTOSAR_Implementation/RTE_GeneratedFiles/Rte_SWC_DoorLock_Indication.o
 .debug_macro   0x00000000000023b1       0x35 ./AUTOSAR_Implementation/RTE_GeneratedFiles/Rte_SWC_DoorLock_Indication.o
 .debug_macro   0x00000000000023e6       0x20 ./AUTOSAR_Implementation/RTE_GeneratedFiles/Rte_SWC_DoorLock_Indication.o
 .debug_macro   0x0000000000002406       0x22 ./AUTOSAR_Implementation/RTE_GeneratedFiles/Rte_SWC_DoorLock_Indication.o
 .debug_macro   0x0000000000002428       0x22 ./AUTOSAR_Implementation/RTE_GeneratedFiles/Rte_SWC_DoorLock_Indication.o
 .debug_macro   0x000000000000244a       0x7c ./AUTOSAR_Implementation/RTE_GeneratedFiles/Rte_SWC_DoorLock_Indication.o
 .debug_macro   0x00000000000024c6       0x40 ./AUTOSAR_Implementation/RTE_GeneratedFiles/Rte_SWC_DoorLock_Indication.o
 .debug_macro   0x0000000000002506       0x10 ./AUTOSAR_Implementation/RTE_GeneratedFiles/Rte_SWC_DoorLock_Indication.o
 .debug_macro   0x0000000000002516       0x1c ./AUTOSAR_Implementation/RTE_GeneratedFiles/Rte_SWC_DoorLock_Indication.o
 .debug_macro   0x0000000000002532      0x198 ./AUTOSAR_Implementation/RTE_GeneratedFiles/Rte_SWC_DoorSensor_LedActuator_Abs.o
 .debug_macro   0x00000000000026ca       0x10 ./AUTOSAR_Implementation/RTE_GeneratedFiles/Rte_SWC_DoorSensor_LedActuator_Abs.o
 .debug_macro   0x00000000000026da       0x1c ./AUTOSAR_Implementation/RTE_GeneratedFiles/Rte_SWC_DoorSensor_LedActuator_Abs.o
 .debug_macro   0x00000000000026f6       0xd7 ./AUTOSAR_Implementation/SWCs/SWC_DoorLock_Indication.o
 .debug_macro   0x00000000000027cd       0x8e ./AUTOSAR_Implementation/SWCs/SWC_DoorLock_Indication.o
 .debug_macro   0x000000000000285b       0x51 ./AUTOSAR_Implementation/SWCs/SWC_DoorLock_Indication.o
 .debug_macro   0x00000000000028ac       0x82 ./AUTOSAR_Implementation/SWCs/SWC_DoorLock_Indication.o
 .debug_macro   0x000000000000292e      0x1d9 ./AUTOSAR_Implementation/SWCs/SWC_DoorSensor_LedActuator_Abs.o
 .debug_macro   0x0000000000002b07       0x52 ./AUTOSAR_Implementation/SWCs/SWC_DoorSensor_LedActuator_Abs.o
 .debug_macro   0x0000000000002b59      0x15b ./MCAL/Src/Stm32f103c6_EXTI_Driver.o
 .debug_macro   0x0000000000002cb4      0x224 ./MCAL/Src/Stm32f103c6_EXTI_Driver.o
 .debug_macro   0x0000000000002ed8      0x14c ./MCAL/Src/Stm32f103c6_GPIO_Driver.o
 .debug_macro   0x0000000000003024      0x16a ./MCAL/Src/Stm32f103c6_I2C_Driver.o
 .debug_macro   0x000000000000318e      0x17c ./MCAL/Src/Stm32f103c6_SPI_Driver.o
 .debug_macro   0x000000000000330a       0xc3 ./MCAL/Src/Stm32f103c6_SPI_Driver.o
 .debug_macro   0x00000000000033cd      0x188 ./MCAL/Src/Stm32f103c6_USART_Driver.o
 .debug_macro   0x0000000000003555       0xe8 ./MCAL/Src/Stm32f103c6_USART_Driver.o
 .debug_macro   0x000000000000363d      0x15c ./Src/main.o

.debug_line     0x0000000000000000     0x5536
 .debug_line    0x0000000000000000      0x5b1 ./AUTOSAR_Implementation/MCAL/DIO.o
 .debug_line    0x00000000000005b1      0x67e ./AUTOSAR_Implementation/RTE_GeneratedFiles/Rte_SWC_DoorLock_Indication.o
 .debug_line    0x0000000000000c2f      0x684 ./AUTOSAR_Implementation/RTE_GeneratedFiles/Rte_SWC_DoorSensor_LedActuator_Abs.o
 .debug_line    0x00000000000012b3      0x588 ./AUTOSAR_Implementation/SWCs/SWC_DoorLock_Indication.o
 .debug_line    0x000000000000183b      0x85e ./AUTOSAR_Implementation/SWCs/SWC_DoorSensor_LedActuator_Abs.o
 .debug_line    0x0000000000002099      0x9c3 ./MCAL/Src/Stm32f103c6_EXTI_Driver.o
 .debug_line    0x0000000000002a5c      0x7cd ./MCAL/Src/Stm32f103c6_GPIO_Driver.o
 .debug_line    0x0000000000003229      0xb22 ./MCAL/Src/Stm32f103c6_I2C_Driver.o
 .debug_line    0x0000000000003d4b      0x8d3 ./MCAL/Src/Stm32f103c6_SPI_Driver.o
 .debug_line    0x000000000000461e      0x89e ./MCAL/Src/Stm32f103c6_USART_Driver.o
 .debug_line    0x0000000000004ebc      0x5f6 ./Src/main.o
 .debug_line    0x00000000000054b2       0x84 ./Startup/startup_stm32f103c6tx.o

.debug_str      0x0000000000000000     0xd3c0
 .debug_str     0x0000000000000000     0x969a ./AUTOSAR_Implementation/MCAL/DIO.o
                                       0x98a1 (size before relaxing)
 .debug_str     0x000000000000969a      0xa83 ./AUTOSAR_Implementation/RTE_GeneratedFiles/Rte_SWC_DoorLock_Indication.o
                                       0x77d3 (size before relaxing)
 .debug_str     0x000000000000a11d      0x2f1 ./AUTOSAR_Implementation/RTE_GeneratedFiles/Rte_SWC_DoorSensor_LedActuator_Abs.o
                                       0x7700 (size before relaxing)
 .debug_str     0x000000000000a40e       0x6c ./AUTOSAR_Implementation/SWCs/SWC_DoorLock_Indication.o
                                       0x44ec (size before relaxing)
 .debug_str     0x000000000000a47a       0x59 ./AUTOSAR_Implementation/SWCs/SWC_DoorSensor_LedActuator_Abs.o
                                       0xa137 (size before relaxing)
 .debug_str     0x000000000000a4d3     0x15e1 ./MCAL/Src/Stm32f103c6_EXTI_Driver.o
                                       0xadc0 (size before relaxing)
 .debug_str     0x000000000000bab4      0x121 ./MCAL/Src/Stm32f103c6_GPIO_Driver.o
                                       0x997f (size before relaxing)
 .debug_str     0x000000000000bbd5      0x6f7 ./MCAL/Src/Stm32f103c6_I2C_Driver.o
                                       0x9faf (size before relaxing)
 .debug_str     0x000000000000c2cc      0x79d ./MCAL/Src/Stm32f103c6_SPI_Driver.o
                                       0xa081 (size before relaxing)
 .debug_str     0x000000000000ca69      0x8d1 ./MCAL/Src/Stm32f103c6_USART_Driver.o
                                       0xa20c (size before relaxing)
 .debug_str     0x000000000000d33a       0x55 ./Src/main.o
                                       0x9906 (size before relaxing)
 .debug_str     0x000000000000d38f       0x31 ./Startup/startup_stm32f103c6tx.o
                                         0xab (size before relaxing)

.comment        0x0000000000000000       0x50
 .comment       0x0000000000000000       0x50 ./AUTOSAR_Implementation/MCAL/DIO.o
                                         0x51 (size before relaxing)
 .comment       0x0000000000000050       0x51 ./AUTOSAR_Implementation/RTE_GeneratedFiles/Rte_SWC_DoorLock_Indication.o
 .comment       0x0000000000000050       0x51 ./AUTOSAR_Implementation/RTE_GeneratedFiles/Rte_SWC_DoorSensor_LedActuator_Abs.o
 .comment       0x0000000000000050       0x51 ./AUTOSAR_Implementation/SWCs/SWC_DoorLock_Indication.o
 .comment       0x0000000000000050       0x51 ./AUTOSAR_Implementation/SWCs/SWC_DoorSensor_LedActuator_Abs.o
 .comment       0x0000000000000050       0x51 ./MCAL/Src/Stm32f103c6_EXTI_Driver.o
 .comment       0x0000000000000050       0x51 ./MCAL/Src/Stm32f103c6_GPIO_Driver.o
 .comment       0x0000000000000050       0x51 ./MCAL/Src/Stm32f103c6_I2C_Driver.o
 .comment       0x0000000000000050       0x51 ./MCAL/Src/Stm32f103c6_SPI_Driver.o
 .comment       0x0000000000000050       0x51 ./MCAL/Src/Stm32f103c6_USART_Driver.o
 .comment       0x0000000000000050       0x51 ./Src/main.o

.debug_frame    0x0000000000000000      0xae0
 .debug_frame   0x0000000000000000       0x58 ./AUTOSAR_Implementation/MCAL/DIO.o
 .debug_frame   0x0000000000000058       0x54 ./AUTOSAR_Implementation/RTE_GeneratedFiles/Rte_SWC_DoorLock_Indication.o
 .debug_frame   0x00000000000000ac       0x58 ./AUTOSAR_Implementation/RTE_GeneratedFiles/Rte_SWC_DoorSensor_LedActuator_Abs.o
 .debug_frame   0x0000000000000104       0x34 ./AUTOSAR_Implementation/SWCs/SWC_DoorLock_Indication.o
 .debug_frame   0x0000000000000138       0x58 ./AUTOSAR_Implementation/SWCs/SWC_DoorSensor_LedActuator_Abs.o
 .debug_frame   0x0000000000000190      0x1b0 ./MCAL/Src/Stm32f103c6_EXTI_Driver.o
 .debug_frame   0x0000000000000340      0x178 ./MCAL/Src/Stm32f103c6_GPIO_Driver.o
 .debug_frame   0x00000000000004b8      0x2b0 ./MCAL/Src/Stm32f103c6_I2C_Driver.o
 .debug_frame   0x0000000000000768      0x14c ./MCAL/Src/Stm32f103c6_SPI_Driver.o
 .debug_frame   0x00000000000008b4      0x168 ./MCAL/Src/Stm32f103c6_USART_Driver.o
 .debug_frame   0x0000000000000a1c       0x98 ./Src/main.o
 .debug_frame   0x0000000000000ab4       0x2c c:/st/stm32cubeide_1.4.0/stm32cubeide/plugins/com.st.stm32cube.ide.mcu.externaltools.gnu-tools-for-stm32.10.3-2021.10.win32_1.0.0.202111181127/tools/bin/../lib/gcc/arm-none-eabi/10.3.1/../../../../arm-none-eabi/lib/thumb/v7-m/nofp\libc_nano.a(lib_a-init.o)
